// Jest Snapshot v1, https://goo.gl/fbAQLP

exports[`Details matches snapshot 1`] = `
<div
  className="details"
>
  <img
    alt="Hotel 2"
    className="detimg"
    src="http://localhost:3000/rails/active_storage/blobs/redirect/eyJfcmFpbHMiOnsibWVzc2FnZSI6IkJBaHBCdz09IiwiZXhwIjpudWxsLCJwdXIiOiJibG9iX2lkIn19--16d773ef08a1a413ca00a961f9b8696c29001642/image2.jpg"
  />
  <div
    className="hoteltextdetails"
  >
    <div
      className="detailer"
    >
      <h2
        className="hoteldetailsname"
      >
        Hotel 2
      </h2>
      <p
        className="hoteldetailsdescription"
      >
        This is a description for Hotel 2.
      </p>
      <div
        className="hotelpricecontainer"
      >
        <p
          className="textheading"
        >
          Price Per Night
        </p>
        <span
          className="price-value"
        >
          $
          139.13
        </span>
      </div>
      <div
        className="durationcontainer"
      >
        <p
          className="textheading"
        >
          Duration
        </p>
        <span
          className="duration-value"
        >
          7
          days
        </span>
      </div>
    </div>
    <div
      className="links"
    >
      <a
        className="morehotelslink"
        href="/home"
        onClick={[Function]}
      >
        Discover More Hotel Rooms
        <svg
          fill="currentColor"
          height="1em"
          stroke="currentColor"
          strokeWidth="0"
          style={
            Object {
              "color": undefined,
            }
          }
          viewBox="0 0 384 512"
          width="1em"
          xmlns="http://www.w3.org/2000/svg"
        >
          <path
            d="M365.52 209.85L59.22 67.01c-16.06-7.49-35.15-.54-42.64 15.52L3.01 111.61c-7.49 16.06-.54 35.15 15.52 42.64L236.96 256.1 18.49 357.99C2.47 365.46-4.46 384.5 3.01 400.52l13.52 29C24 445.54 43.04 452.47 59.06 445l306.47-142.91a32.003 32.003 0 0 0 18.48-29v-34.23c-.01-12.45-7.21-23.76-18.49-29.01z"
          />
        </svg>
      </a>
      <button
        className="reserve"
        onClick={[Function]}
        type="submit"
      >
        Reserve
      </button>
    </div>
  </div>
</div>
`;
